::debug::not setting deployment status
::debug::param: track = "stable"
::debug::param: release = "app"
::debug::param: appName = "app"
::debug::param: namespace = "default"
::debug::param: chart = "/usr/src/charts/app"
::debug::param: chart_version = ""
::debug::param: values = "{"replicaCount": 1, "image": {"repository": "nginx", "tag": "latest"}}"
::debug::param: dryRun = ""
::debug::param: task = ""
::debug::param: version = "1234"
::debug::param: secrets = "{"secret":"val"}"
::debug::param: valueFiles = "[]"
::debug::param: removeCanary = 
::debug::param: timeout = "30"
::debug::param: repository = ""
::debug::param: atomic = "true"
::debug::param: repo = ""
::debug::param: repoAlias = ""
::debug::param: repoUsername = ""
::debug::param: repoPassword = ""
::debug::param: kubeConfigServerURL = ""
::debug::param: kubeServer = "https://kubernetes.default.svc.cluster.local"
::debug::param: kubeCert = ""
::debug::param: kubeToken = ""
::debug::rendering value files [/usr/src/values.yml] with: {"secrets":{"secret":"val"}}
[command]/tmp/bin/helm3 upgrade app /usr/src/charts/app --install --wait --namespace=default --set=app.name=app --set=app.version=1234 --timeout=30 --values=/usr/src/values.yml --atomic
helm3 upgrade app /usr/src/charts/app --install --wait --namespace=default --set=app.name=app --set=app.version=1234 --timeout=30 --values=/usr/src/values.yml --atomic
::debug::not setting deployment status
